piwik.ns2.shadowserver.org
sinkhole-00.shadowserver.org
dorkbot-a.shadowserver.org
dorkbot-b.shadowserver.org
dns-timechk-a.shadowserver.org
dns-timechk-b.shadowserver.org
ik.gv.shadowserver.org
oc.gv.shadowserver.org
csp.gv.shadowserver.org
socdat.shadowserver.org
vardat.shadowserver.org
trashpanda.shadowserver.org
raven2.shadowserver.org
reye.shadowserver.org
sc-c.sinkhole.shadowserver.org
sc-a.sinkhole.shadowserver.org
crypt.shadowserver.org
ns1.shadowserver.org
ns2.sinkhole.shadowserver.org
ns1.sinkhole.shadowserver.org
scan-52a.shadowserver.org
scan-52c.shadowserver.org
scan-52e.shadowserver.org
scan-52g.shadowserver.org
scan-52h.shadowserver.org
scan-52j.shadowserver.org
scan-52k.shadowserver.org
scan-52l.shadowserver.org
scan-52m.shadowserver.org
scan-52n.shadowserver.org
scan-53a.shadowserver.org
scan-53b.shadowserver.org
scan-53c.shadowserver.org
scan-53d.shadowserver.org
scan-53e.shadowserver.org
scan-53f.shadowserver.org
scan-53g.shadowserver.org
scan-53h.shadowserver.org
scan-53i.shadowserver.org
scan-53k.shadowserver.org
scan-53l.shadowserver.org
scan-53m.shadowserver.org
scan-53n.shadowserver.org
scan-54a.shadowserver.org
scan-54b.shadowserver.org
scan-54c.shadowserver.org
scan-54d.shadowserver.org
scan-54e.shadowserver.org
scan-54f.shadowserver.org
scan-54g.shadowserver.org
scan-54i.shadowserver.org
scan-54j.shadowserver.org
scan-54k.shadowserver.org
scan-54l.shadowserver.org
scan-54m.shadowserver.org
scan-54n.shadowserver.org
scan-55a.shadowserver.org
scan-55b.shadowserver.org
scan-55d.shadowserver.org
scan-55e.shadowserver.org
scan-55f.shadowserver.org
scan-55g.shadowserver.org
scan-55h.shadowserver.org
scan-55j.shadowserver.org
scan-55l.shadowserver.org
scan-55m.shadowserver.org
scan-55n.shadowserver.org
scan-56a.shadowserver.org
scan-56b.shadowserver.org
scan-56c.shadowserver.org
scan-56e.shadowserver.org
scan-56f.shadowserver.org
scan-56g.shadowserver.org
scan-56h.shadowserver.org
scan-56i.shadowserver.org
scan-56j.shadowserver.org
scan-56k.shadowserver.org
scan-56l.shadowserver.org
scan-56m.shadowserver.org
scan-57a.shadowserver.org
scan-57b.shadowserver.org
scan-57c.shadowserver.org
scan-57d.shadowserver.org
scan-57e.shadowserver.org
scan-57g.shadowserver.org
scan-57h.shadowserver.org
scan-57j.shadowserver.org
scan-57k.shadowserver.org
scan-57l.shadowserver.org
scan-57m.shadowserver.org
scan-57n.shadowserver.org
scan-58a.shadowserver.org
scan-58b.shadowserver.org
scan-58c.shadowserver.org
scan-58d.shadowserver.org
scan-58f.shadowserver.org
scan-58g.shadowserver.org
scan-58h.shadowserver.org
scan-58i.shadowserver.org
scan-58j.shadowserver.org
scan-58k.shadowserver.org
scan-58m.shadowserver.org
scan-58n.shadowserver.org
scan-59a.shadowserver.org
scan-59b.shadowserver.org
scan-59c.shadowserver.org
scan-59d.shadowserver.org
scan-59e.shadowserver.org
scan-59g.shadowserver.org
scan-59h.shadowserver.org
scan-59i.shadowserver.org
scan-59k.shadowserver.org
scan-59l.shadowserver.org
scan-59m.shadowserver.org
freyja.shadowserver.org
bin-test.shadowserver.org
mx3.shadowserver.org
stash.shadowserver.org
eventum.shadowserver.org
incognito.shadowserver.org
andesite.shadowserver.org
api.shadowserver.org
scan-09.shadowserver.org
scan-10.shadowserver.org
scan-11.shadowserver.org
scan-12.shadowserver.org
scan-09a.shadowserver.org
scan-10a.shadowserver.org
scan-11a.shadowserver.org
scan-12a.shadowserver.org
scan-10b.shadowserver.org
scan-12b.shadowserver.org
scan-10c.shadowserver.org
scan-10d.shadowserver.org
scan-11d.shadowserver.org
scan-09e.shadowserver.org
scan-09f.shadowserver.org
scan-10g.shadowserver.org
scan-11g.shadowserver.org
scan-12f.shadowserver.org
scan-10h.shadowserver.org
scan-11h.shadowserver.org
scan-12g.shadowserver.org
scan-10i.shadowserver.org
scan-09j.shadowserver.org
scan-11j.shadowserver.org
scan-12j.shadowserver.org
scan-11l.shadowserver.org
scan-12k.shadowserver.org
scan-09m.shadowserver.org
scan-10m.shadowserver.org
scan-12l.shadowserver.org
scan-12m.shadowserver.org
sinkhole-01.shadowserver.org
ns2.shadowserver.org
shadowserver.org
www.shadowserver.org
blog.shadowserver.org
dashboard.shadowserver.org
localhost.sinkhole.shadowserver.org
localhost.shadowserver.org
fluffy.shadowserver.org
sissden.shadowserver.org
dl.shadowserver.org
pop.shadowserver.org
smtp.shadowserver.org
mail.shadowserver.org
imap.shadowserver.org
mx.shadowserver.org
webmail.shadowserver.org
lists.shadowserver.org
asn.shadowserver.org
paste.shadowserver.org
sscal.shadowserver.org
ironkey.shadowserver.org
interchange.shadowserver.org
outputcattle.shadowserver.org
outputbeta.shadowserver.org
outputdev.shadowserver.org
repo.shadowserver.org
transform.shadowserver.org
projects.shadowserver.org
portal.shadowserver.org
metis.shadowserver.org
bucket.shadowserver.org
git.shadowserver.org
sentry.shadowserver.org
rw.shadowserver.org
robin.shadowserver.org
chat.shadowserver.org
link.shadowserver.org
grpc.shadowserver.org
poll.shadowserver.org
kite.shadowserver.org
mt.shadowserver.org
ns3.shadowserver.org
q.shadowserver.org
sinkhole-03.shadowserver.org
sinkhole-b.shadowserver.org
sinkhole-a.shadowserver.org
sinkhole-02.shadowserver.org
sc-b.sinkhole.shadowserver.org
sc-d.sinkhole.shadowserver.org
scan-01.shadowserver.org
scan-02.shadowserver.org
scan-04.shadowserver.org
scan-03b.shadowserver.org
scan-04b.shadowserver.org
scan-02c.shadowserver.org
scan-04c.shadowserver.org
scan-02d.shadowserver.org
scan-03c.shadowserver.org
scan-04d.shadowserver.org
scan-02e.shadowserver.org
scan-04e.shadowserver.org
scan-02f.shadowserver.org
scan-04f.shadowserver.org
scan-01h.shadowserver.org
scan-02g.shadowserver.org
scan-04g.shadowserver.org
scan-01j.shadowserver.org
scan-02i.shadowserver.org
scan-04i.shadowserver.org
scan-01k.shadowserver.org
scan-02j.shadowserver.org
scan-04j.shadowserver.org
scan-01m.shadowserver.org
scan-02l.shadowserver.org
scan-04l.shadowserver.org
scan-01n.shadowserver.org
scan-02m.shadowserver.org
scan-04m.shadowserver.org
scan-00a.shadowserver.org
raven.shadowserver.org
smbscan.shadowserver.org
xdmcpscan.shadowserver.org
vncscan.shadowserver.org
aaeh.shadowserver.org
mssqlscan.shadowserver.org
snmpscan.shadowserver.org
synfulscan.shadowserver.org
natpmpscan.shadowserver.org
ntpscan.shadowserver.org
goz.shadowserver.org
dyn.shadowserver.org
adscan.shadowserver.org
rpc.shadowserver.org
aaadomains.shadowserver.org
aaaa.shadowserver.org
whois.shadowserver.org
zone.shadowserver.org
www1.shadowserver.org
www2.shadowserver.org
www3.shadowserver.org
ad.shadowserver.org
ns.shadowserver.org
